
     ######################################################################
   ##########################################################################
  ###                                                                      ###
 ###            TINKER  ---  Software Tools for Molecular Design            ###
 ##                                                                          ##
 ##                          Version 6.1  June 2012                          ##
 ##                                                                          ##
 ##               Copyright (c)  Jay William Ponder  1990-2012               ##
 ###                           All Rights Reserved                          ###
  ###                                                                      ###
   ##########################################################################
     ######################################################################


 Enter Cartesian Coordinate File Name :  
 Additional Partial Charges for Specific Atoms :

      Atom              Charge

         1              0.0000
         2              0.0000
         3              0.0000
         4              0.0000
         5              0.0000

 The TINKER Analysis Facility can Provide :

 General System and Force Field Information [G]
 Force Field Parameters for Interactions [P]
 Total Potential Energy and its Components [E]
 Energy Breakdown over Each of the Atoms [A]
 List of the Large Individual Interactions [L]
 Details for All Individual Interactions [D]
 Electrostatic, Inertial & Virial Properties [M]
 Connectivity Lists for Each of the Atoms [C]

 Enter the Desired Analysis Types [G,P,E,A,L,D,M] :  
 Total Potential Energy :                -17.7891 Kcal/mole

 Intermolecular Energy :                 -17.7897 Kcal/mole

 Energy Component Breakdown :           Kcal/mole      Interactions

 Bond Stretching                           0.0004              2
 Angle Bending                             0.0002              1
 Van der Waals                             1.3221            402
 Charge-Charge                           -19.1118            387
JAGUAR 78111 Linux-x86_64 on g-1-13
Jobname : qomqmjob1
EXEC    : /share/apps/schrodinger/jaguar-v78111/bin/Linux-x86_64
OUTPUT  : /tmp/ml7684/qmmm_3249/image1
LOG     : qomqmjob1.log
JobId: g-1-13-0-53f47e37
Dispersion energy is:    -0.001044040617 Hartree
QM energy without dispersion=   -40.524367 Hartree
QM energy with dispersion=   -40.525411 Hartree

     ######################################################################
   ##########################################################################
  ###                                                                      ###
 ###            TINKER  ---  Software Tools for Molecular Design            ###
 ##                                                                          ##
 ##                          Version 6.1  June 2012                          ##
 ##                                                                          ##
 ##               Copyright (c)  Jay William Ponder  1990-2012               ##
 ###                           All Rights Reserved                          ###
  ###                                                                      ###
   ##########################################################################
     ######################################################################


 Enter Cartesian Coordinate File Name :  
 Additional Partial Charges for Specific Atoms :

      Atom              Charge

         1              0.0000
         2              0.0000
         3              0.0000
         4              0.0000
         5              0.0000

 The TINKER Analysis Facility can Provide :

 General System and Force Field Information [G]
 Force Field Parameters for Interactions [P]
 Total Potential Energy and its Components [E]
 Energy Breakdown over Each of the Atoms [A]
 List of the Large Individual Interactions [L]
 Details for All Individual Interactions [D]
 Electrostatic, Inertial & Virial Properties [M]
 Connectivity Lists for Each of the Atoms [C]

 Enter the Desired Analysis Types [G,P,E,A,L,D,M] :  
 Total Potential Energy :                -19.4193 Kcal/mole

 Intermolecular Energy :                 -19.8504 Kcal/mole

 Energy Component Breakdown :           Kcal/mole      Interactions

 Bond Stretching                           0.3424              2
 Angle Bending                             0.0886              1
 Van der Waals                             1.1310            402
 Charge-Charge                           -20.9813            387
JAGUAR 78111 Linux-x86_64 on g-1-13
Jobname : qomqmjob1
EXEC    : /share/apps/schrodinger/jaguar-v78111/bin/Linux-x86_64
OUTPUT  : /tmp/ml7684/qmmm_3249/image1
LOG     : qomqmjob1.log
JobId: g-1-13-0-53f47e4d
Dispersion energy is:    -0.001077526065 Hartree
QM energy without dispersion=   -40.524086 Hartree
QM energy with dispersion=   -40.525164 Hartree

     ######################################################################
   ##########################################################################
  ###                                                                      ###
 ###            TINKER  ---  Software Tools for Molecular Design            ###
 ##                                                                          ##
 ##                          Version 6.1  June 2012                          ##
 ##                                                                          ##
 ##               Copyright (c)  Jay William Ponder  1990-2012               ##
 ###                           All Rights Reserved                          ###
  ###                                                                      ###
   ##########################################################################
     ######################################################################


 Enter Cartesian Coordinate File Name :  
 Additional Partial Charges for Specific Atoms :

      Atom              Charge

         1              0.0000
         2              0.0000
         3              0.0000
         4              0.0000
         5              0.0000

 The TINKER Analysis Facility can Provide :

 General System and Force Field Information [G]
 Force Field Parameters for Interactions [P]
 Total Potential Energy and its Components [E]
 Energy Breakdown over Each of the Atoms [A]
 List of the Large Individual Interactions [L]
 Details for All Individual Interactions [D]
 Electrostatic, Inertial & Virial Properties [M]
 Connectivity Lists for Each of the Atoms [C]

 Enter the Desired Analysis Types [G,P,E,A,L,D,M] :  
 Total Potential Energy :                -19.4200 Kcal/mole

 Intermolecular Energy :                 -19.8471 Kcal/mole

 Energy Component Breakdown :           Kcal/mole      Interactions

 Bond Stretching                           0.3388              2
 Angle Bending                             0.0882              1
 Van der Waals                             1.0719            402
 Charge-Charge                           -20.9190            387
JAGUAR 78111 Linux-x86_64 on g-1-13
Jobname : qomqmjob1
EXEC    : /share/apps/schrodinger/jaguar-v78111/bin/Linux-x86_64
OUTPUT  : /tmp/ml7684/qmmm_3249/image1
LOG     : qomqmjob1.log
JobId: g-1-13-0-53f47e5c
Dispersion energy is:    -0.001093818651 Hartree
QM energy without dispersion=   -40.524102 Hartree
QM energy with dispersion=   -40.525196 Hartree
